// Vitest Snapshot v1, https://vitest.dev/guide/snapshot.html

exports[`public API surface > matches the committed snapshot 1`] = `
[
  "applyMergePatch",
  "assertResourceOwner",
  "assertRowsAffected",
  "assertSafeUrl",
  "assertTenantScope",
  "assertVersionMatch",
  "authSubFromContext",
  "bearerTokenMiddleware",
  "buildHealthResponse",
  "buildHealthResponseAsync",
  "checkNotModified",
  "checkPreconditions",
  "checkUrlSafety",
  "checkUrlSafetyAsync",
  "CircuitOpenError",
  "classifyDatabaseError",
  "computeETag",
  "computeWebhookSignature",
  "corsMiddleware",
  "countCodePoints",
  "createApp",
  "createCircuitBreaker",
  "createDatabaseHealthCheck",
  "createDatabaseRuntime",
  "createJoseJwtVerifier",
  "createLockManager",
  "createMysqlPool",
  "createProblemDetailsFactory",
  "createRedisKeyValueClientFromUrl",
  "createResourceAccessDeniedHandler",
  "createResourceNotFoundHandler",
  "createSimpleDomainHandler",
  "createThrottleStorage",
  "createThrottleStorageFromEnv",
  "createThrottleStorageFromEnvAsync",
  "createTransactionAbortedHandler",
  "createValidationCollector",
  "createVersionConflictHandler",
  "DEFAULT_OPENAPI_RELATIVE",
  "DomainError",
  "escapeLikePattern",
  "FetchMcpHttpClient",
  "FileIdempotencyStorage",
  "FileRateLimitStorage",
  "formatUtcIsoTimestamp",
  "FRAMEWORK_PACKAGE_NAME",
  "hasNullByte",
  "idempotencyMiddleware",
  "InMemoryIdempotencyStorage",
  "InMemoryLockStorage",
  "InMemoryRateLimitStorage",
  "ipThrottleKey",
  "isPrivateIp",
  "jwtSubThrottleKey",
  "loadAppSettings",
  "LocalBearerTokenVerifier",
  "MysqlQueryExecutor",
  "MysqlTransactionManager",
  "normaliseIpv4",
  "openApiFileExists",
  "openSqliteDatabase",
  "parseCursorQuery",
  "parseDatabaseUrl",
  "parseIfMatchVersion",
  "parsePaginationQuery",
  "parseSortQuery",
  "parseUtcIsoTimestamp",
  "PostgresQueryExecutor",
  "PostgresTransactionManager",
  "problemDetailsFromContext",
  "RedisIdempotencyStorage",
  "RedisRateLimitStorage",
  "registerProcessShutdown",
  "requestBodyHash",
  "requestLoggingMiddleware",
  "resolveHttpError",
  "resolveOpenApiPath",
  "ResourceAccessDeniedError",
  "ResourceNotFoundError",
  "runTransaction",
  "SqliteQueryExecutor",
  "SqliteTransactionManager",
  "tenantFromContext",
  "throttleMiddleware",
  "TokenVerificationException",
  "TransactionAbortedError",
  "translateQuestionPlaceholders",
  "type AppSettings",
  "type AssertRowsAffectedOptions",
  "type AsyncHealthCheck",
  "type BearerTokenOptions",
  "type CircuitBreaker",
  "type CircuitBreakerOptions",
  "type CircuitState",
  "type CorsOptions",
  "type CreateAppOptions",
  "type CreateThrottleStorageOptions",
  "type CursorQuery",
  "type DatabaseBackend",
  "type DatabaseConstraintKind",
  "type DatabaseQueryExecutor",
  "type DatabaseRuntime",
  "type DatabaseTransactionManager",
  "type DependencyHealthValue",
  "type DomainExceptionHandler",
  "type FetchMcpHttpClientOptions",
  "type HealthCheck",
  "type HealthCheckResult",
  "type IdempotencyOptions",
  "type IdempotencyRecord",
  "type IdempotencyStorage",
  "type JoseJwtVerifierOptions",
  "type LockManager",
  "type LockManagerOptions",
  "type LockRecord",
  "type LockStorage",
  "type McpHttpClient",
  "type McpHttpResponse",
  "type MergePatchOptions",
  "type Nene2App",
  "type Nene2AppDatabase",
  "type NodeRedisLikeClient",
  "type PaginationQuery",
  "type PreconditionOptions",
  "type ProblemDetailsBody",
  "type ProblemDetailsFactory",
  "type RateLimitHit",
  "type RateLimitStorage",
  "type RedisKeyValueClient",
  "type ReleaseResult",
  "type RenewResult",
  "type RequestLogEntry",
  "type RequestLoggingOptions",
  "type ResolveHttpErrorOptions",
  "type SafeUrlAsyncOptions",
  "type SafeUrlOptions",
  "type SimpleDomainHandlerOptions",
  "type SortOrder",
  "type SortQuery",
  "type SortQueryOptions",
  "type SqlParameter",
  "type SqlRow",
  "type TextFieldRule",
  "type ThrottleOptions",
  "type ThrottleStorageKind",
  "type TokenVerifier",
  "type UrlSafetyReason",
  "type UrlSafetyResult",
  "type ValidationCollector",
  "type ValidationErrorItem",
  "type ValidationErrorJSON",
  "type WebhookSignatureOptions",
  "utcNowIso",
  "validateTextField",
  "ValidationError",
  "ValidationException",
  "VersionConflictError",
  "webhookSignatureMiddleware",
  "wrapNodeRedisClient",
]
`;
